(node:380) Warning: To load an ES module, set "type": "module" in the package.json or use the .mjs extension.
(Use `node --trace-warnings ...` to show where the warning was created)
/app/scripts/process-emails.ts:8
import { PrismaClient } from '@prisma/client';
^^^^^^

SyntaxError: Cannot use import statement outside a module
    at internalCompileFunction (node:internal/vm:76:18)
    at wrapSafe (node:internal/modules/cjs/loader:1283:20)
    at Module._compile (node:internal/modules/cjs/loader:1328:27)
    at Module.m._compile (/usr/local/share/.config/yarn/global/node_modules/ts-node/src/index.ts:1618:23)
    at Module._extensions..js (node:internal/modules/cjs/loader:1422:10)
    at Object.require.extensions.<computed> [as .ts] (/usr/local/share/.config/yarn/global/node_modules/ts-node/src/index.ts:1621:12)
    at Module.load (node:internal/modules/cjs/loader:1203:32)
    at Function.Module._load (node:internal/modules/cjs/loader:1019:12)
    at Function.executeUserEntryPoint [as runMain] (node:internal/modules/run_main:128:12)
    at phase4 (/usr/local/share/.config/yarn/global/node_modules/ts-node/src/bin.ts:649:14)
(node:400) Warning: To load an ES module, set "type": "module" in the package.json or use the .mjs extension.
(Use `node --trace-warnings ...` to show where the warning was created)
/app/scripts/process-emails.ts:8
import { PrismaClient } from '@prisma/client';
^^^^^^

SyntaxError: Cannot use import statement outside a module
    at internalCompileFunction (node:internal/vm:76:18)
    at wrapSafe (node:internal/modules/cjs/loader:1283:20)
    at Module._compile (node:internal/modules/cjs/loader:1328:27)
    at Module.m._compile (/usr/local/share/.config/yarn/global/node_modules/ts-node/src/index.ts:1618:23)
    at Module._extensions..js (node:internal/modules/cjs/loader:1422:10)
    at Object.require.extensions.<computed> [as .ts] (/usr/local/share/.config/yarn/global/node_modules/ts-node/src/index.ts:1621:12)
    at Module.load (node:internal/modules/cjs/loader:1203:32)
    at Function.Module._load (node:internal/modules/cjs/loader:1019:12)
    at Function.executeUserEntryPoint [as runMain] (node:internal/modules/run_main:128:12)
    at phase4 (/usr/local/share/.config/yarn/global/node_modules/ts-node/src/bin.ts:649:14)
(node:21) Warning: To load an ES module, set "type": "module" in the package.json or use the .mjs extension.
(Use `node --trace-warnings ...` to show where the warning was created)
/app/scripts/process-emails.ts:8
import { PrismaClient } from '@prisma/client';
^^^^^^

SyntaxError: Cannot use import statement outside a module
    at internalCompileFunction (node:internal/vm:76:18)
    at wrapSafe (node:internal/modules/cjs/loader:1283:20)
    at Module._compile (node:internal/modules/cjs/loader:1328:27)
    at Module.m._compile (/usr/local/share/.config/yarn/global/node_modules/ts-node/src/index.ts:1618:23)
    at Module._extensions..js (node:internal/modules/cjs/loader:1422:10)
    at Object.require.extensions.<computed> [as .ts] (/usr/local/share/.config/yarn/global/node_modules/ts-node/src/index.ts:1621:12)
    at Module.load (node:internal/modules/cjs/loader:1203:32)
    at Function.Module._load (node:internal/modules/cjs/loader:1019:12)
    at Function.executeUserEntryPoint [as runMain] (node:internal/modules/run_main:128:12)
    at phase4 (/usr/local/share/.config/yarn/global/node_modules/ts-node/src/bin.ts:649:14)
npm notice
npm notice New major version of npm available! 10.8.2 -> 11.2.0
npm notice Changelog: https://github.com/npm/cli/releases/tag/v11.2.0
npm notice To update run: npm install -g npm@11.2.0
npm notice
